../Drivers/CMSIS/Include/core_cm4.h:2059:26:ITM_SendChar	16	static,ignoring_inline_asm
../Core/Src/main.c:94:5:main	216	static
../Core/Src/main.c:231:6:SystemClock_Config	96	static
../Core/Src/main.c:276:13:MX_I2C1_Init	8	static
../Core/Src/main.c:324:13:MX_GPIO_Init	40	static
../Core/Src/main.c:350:6:Calibrate_BNO055	24	static
../Core/Src/main.c:415:6:getCalibration	200	static
../Core/Src/main.c:442:6:HAL_GPIO_EXTI_Callback	16	static
../Core/Src/main.c:451:5:_write	32	static
../Core/Src/main.c:468:6:Error_Handler	4	static,ignoring_inline_asm
